// Jest Snapshot v1, https://goo.gl/fbAQLP

exports[`should parse example file 1`] = `
Map {
  "jake" => "Jake",
  "when" => "When",
  "i" => "I",
  "was" => "was",
  "lying" => "lying",
  "there" => "there",
  "in" => "IN",
  "the" => "The",
  "va" => "VA",
  "hospital" => "hospital",
  "with" => "with",
  "a" => "a",
  "big" => "big",
  "hole" => "hole",
  "blown" => "blown",
  "through" => "through",
  "middle" => "middle",
  "of" => "of",
  "my" => "my",
  "life" => "life",
  "started" => "started",
  "having" => "having",
  "these" => "these",
  "dreams" => "dreams",
  "flying" => "flying",
  "free" => "free",
  "sooner" => "Sooner",
  "or" => "or",
  "later" => "later",
  "though" => "though",
  "you" => "you",
  "always" => "always",
  "have" => "have",
  "to" => "to",
  "wake" => "wake",
  "up" => "up",
  "they" => "They",
  "can" => "can",
  "fix" => "fix",
  "spinal" => "spinal",
  "if" => "If",
  "got" => "got",
  "money" => "money",
  "but" => "But",
  "not" => "not",
  "on" => "on",
  "vet" => "vet",
  "benefits" => "benefits",
  "this" => "This",
  "economy" => "economy",
  "check" => "Check",
  "and" => "And",
  "12" => "12",
  "bucks" => "bucks",
  "will" => "will",
  "get" => "get",
  "cup" => "cup",
  "coffee" => "coffee",
  "what" => "what",
  "call" => "call",
  "waitlisted" => "waitlisted",
  "woman" => "WOMAN",
  "tv" => "TV",
  "bengal" => "Bengal",
  "tiger" => "tiger",
  "extinct" => "extinct",
  "for" => "for",
  "over" => "over",
  "century" => "century",
  "is" => "is",
  "making" => "Making",
  "comeback" => "comeback",
  "cloned" => "cloned",
  "cubs" => "cubs",
  "at" => "At",
  "beijing" => "Beijing",
  "zoo" => "Zoo",
  "are" => "Are",
  "latest" => "latest",
  "number" => "Number",
  "species" => "species",
  "that" => "that",
  "been" => "been",
  "back" => "back",
  "into" => "into",
  "existence" => "existence",
  "past" => "past",
  "five" => "five",
  "years" => "years",
  "became" => "became",
  "marine" => "Marine",
  "hardship" => "hardship",
  "be" => "be",
  "hammered" => "hammered",
  "anvil" => "anvil",
  "told" => "told",
  "myself" => "myself",
  "pass" => "pass",
  "any" => "any",
  "test" => "test",
  "man" => "man",
  "rock" => "rock",
  "music" => "MUSIC",
  "blaring" => "BLARING",
  "all" => "ALL",
  "chanting" => "CHANTING",
  "oh" => "Oh",
  "let" => "Let",
  "it" => "it",
  "straight" => "straight",
  "upfront" => "upfront",
  "don't" => "don't",
  "want" => "want",
  "your" => "your",
  "pity" => "pity",
  "fair" => "fair",
  "deal" => "deal",
  "wrong" => "wrong",
  "planet" => "planet",
  "indistinct" => "INDISTINCT",
  "strong" => "strong",
  "prey" => "prey",
  "weak" => "weak",
  "just" => "just",
  "way" => "way",
  "things" => "things",
  "nobody" => "nobody",
  "does" => "does",
  "damn" => "damn",
  "thing" => "thing",
  "chatter" => "CHATTER",
  "grunting" => "GRUNTING",
  "off" => "off",
  "him" => "him",
  "ever" => "ever",
  "wanted" => "wanted",
  "sorry-ass" => "sorry-ass",
  "single" => "single",
  "worth" => "worth",
  "fighting" => "fighting",
  "grunts" => "GRUNTS",
  "groans" => "GROANS",
  "laughs" => "LAUGHS",
  "hope" => "hope",
  "realized" => "realized",
  "lost" => "lost",
  "yourself" => "yourself",
  "customer" => "customer",
  "door" => "door",
  "slams" => "SLAMS",
  "candy-ass" => "Candy-ass",
  "bitch" => "bitch",
  "panting" => "PANTING",
  "ain't" => "ain't",
  "raining" => "raining",
  "we" => "we",
  "training" => "training",
  "chuckles" => "CHUCKLES",
  "doesn't" => "Doesn't",
  "look" => "Look",
  "like" => "like",
  "sully" => "Sully",
  "step" => "Step",
  "ruining" => "ruining",
  "good" => "good",
  "mood" => "mood",
  "about" => "about",
  "brother" => "Brother",
  "looking" => "looking",
  "t" => "T",
  "jesus" => "Jesus",
  "tommy" => "Tommy",
  "guy" => "guy",
  "knife" => "knife",
  "took" => "took",
  "would" => "would",
  "paper" => "paper",
  "his" => "His",
  "wallet" => "wallet",
  "concern" => "CONCERN",
  "suits" => "suits",
  "touching" => "touching",
  "represented" => "represented",
  "significant" => "significant",
  "investment" => "investment",
  "talk" => "talk",
  "taking" => "taking",
  "contract" => "contract",
  "since" => "since",
  "genome" => "genome",
  "identical" => "identical",
  "could" => "could",
  "shoes" => "shoes",
  "so" => "so",
  "speak" => "speak",
  "fresh" => "fresh",
  "start" => "start",
  "new" => "new",
  "world" => "world",
  "do" => "do",
  "something" => "Something",
  "important" => "important",
  "make" => "Make",
  "difference" => "difference",
  "pay" => "pay",
  "very" => "very",
  "scientist" => "scientist",
  "me" => "me",
  "he" => "he",
  "one" => "one",
  "who" => "who",
  "shot" => "shot",
  "light-years" => "light-years",
  "out" => "out",
  "space" => "space",
  "find" => "find",
  "answers" => "answers",
  "another" => "another",
  "dumb" => "dumb",
  "grunt" => "grunt",
  "getting" => "getting",
  "sent" => "sent",
  "someplace" => "someplace",
  "gonna" => "gonna",
  "regret" => "regret",
  "sighs" => "SIGHS",
  "monitor" => "monitor",
  "beeping" => "BEEPING",
  "cryo" => "cryo",
  "dream" => "dream",
  "feel" => "feel",
  "six" => "Six",
  "more" => "More",
  "fifth" => "fifth",
  "tequila" => "tequila",
  "an" => "an",
  "ass-kicking" => "ass-kicking",
  "yet" => "yet",
  "yeah" => "Yeah",
  "sunshine" => "sunshine",
  "nine" => "nine",
  "months" => "months",
  "22" => "22",
  "days" => "days",
  "hungry" => "hungry",
  "nausea" => "nausea",
  "please" => "please",
  "use" => "use",
  "sacks" => "sacks",
  "provided" => "provided",
  "convenience" => "convenience",
  "staff" => "Staff",
  "thanks" => "thanks",
  "advance" => "advance",
  "ahead" => "ahead",
  "pandora" => "Pandora",
  "grew" => "grew",
  "hearing" => "hearing",
  "never" => "never",
  "figured" => "figured",
  "going" => "going",
  "valkyrie" => "Valkyrie",
  "1-6" => "1-6",
  "copy" => "Copy",
  "clear" => "clear",
  "de-orbit" => "de-orbit",
  "burn" => "burn",
  "2-2-4-niner" => "2-2-4-niner",
  "venture" => "Venture",
  "star" => "Star",
  "go" => "go",
  "exo-packs" => "Exo-packs",
  "assistant" => "ASSISTANT",
  "remember" => "remember",
  "people" => "People",
  "lose" => "lose",
  "mask" => "Mask",
  "unconscious" => "unconscious",
  "20" => "20",
  "seconds" => "seconds",
  "dead" => "dead",
  "four" => "four",
  "minutes" => "minutes",
  "today" => "Today",
  "looks" => "looks",
  "bad" => "bad",
  "report" => "report",
  "hell" => "hell",
  "gate" => "Gate",
  "tower" => "tower",
  "tav" => "TAV",
  "approach" => "approach",
  "crossing" => "Crossing",
  "outer" => "outer",
  "marker" => "marker",
  "mine" => "mine",
  "sight" => "sight",
  "harnesses" => "Harnesses",
  "packs" => "packs",
  "put" => "Put",
  "together" => "together",
  "minute" => "minute",
  "ramp" => "ramp",
  "comes" => "comes",
  "down" => "down",
  "directly" => "directly",
  "base" => "base",
  "stop" => "stop",
  "inside" => "inside",
  "wait" => "Wait",
  "mark" => "mark",
  "keep" => "Keep",
  "moving" => "moving",
  "no" => "no",
  "such" => "Such",
  "as" => "as",
  "ex-marine" => "ex-Marine",
  "may" => "may",
  "attitude" => "attitude",
  "breathing" => "BREATHING",
  "heavily" => "HEAVILY",
  "special" => "special",
  "case" => "case",
  "well" => "Well",
  "ladies" => "ladies",
  "meat" => "meat",
  "whoo" => "Whoo",
  "earth" => "Earth",
  "guys" => "guys",
  "were" => "were",
  "army" => "Army",
  "dogs" => "dogs",
  "marines" => "Marines",
  "freedom" => "freedom",
  "ampsuit" => "AMPSUIT",
  "operator" => "OPERATOR",
  "hot" => "hot",
  "rod" => "rod",
  "here" => "here",
  "hired" => "hired",
  "guns" => "guns",
  "working" => "working",
  "company" => "company",
  "meals" => "Meals",
  "wheels" => "wheels",
  "1" => "1",
  "two" => "Two",
  "2" => "2",
  "need" => "need",
  "them" => "them",
  "quaritch" => "QUARITCH",
  "kansas" => "Kansas",
  "gentlemen" => "gentlemen",
  "respect" => "Respect",
  "fact" => "fact",
  "every" => "every",
  "second" => "second",
  "day" => "day",
  "might" => "might",
  "some" => "some",
  "r&r" => "R&R",
  "after" => "after",
  "tour" => "tour",
  "beyond" => "beyond",
  "fence" => "fence",
  "living" => "living",
  "crawls" => "crawls",
  "flies" => "flies",
  "squats" => "squats",
  "mud" => "mud",
  "wants" => "wants",
  "kill" => "kill",
  "eat" => "eat",
  "eyes" => "Eyes",
  "jujubes" => "Jujubes",
  "indigenous" => "indigenous",
  "population" => "population",
  "humanoids" => "humanoids",
  "called" => "called",
  "na'vi" => "NA'VI",
  "fond" => "fond",
  "arrows" => "arrows",
  "dipped" => "dipped",
  "neurotoxin" => "neurotoxin",
  "heart" => "heart",
  "bones" => "bones",
  "reinforced" => "reinforced",
  "naturally" => "naturally",
  "occurring" => "occurring",
  "carbon" => "carbon",
  "fiber" => "fiber",
  "hard" => "hard",
  "head" => "head",
  "security" => "security",
  "job" => "job",
  "alive" => "alive",
  "succeed" => "succeed",
  "wish" => "wish",
  "survive" => "survive",
  "cultivate" => "cultivate",
  "mental" => "mental",
  "obey" => "obey",
  "rules" => "rules",
  "rule" => "Rule",
  "nothing" => "Nothing",
  "old-school" => "old-school",
  "safety" => "safety",
  "brief" => "brief",
  "mind" => "mind",
  "ease" => "ease",
  "excuse" => "Excuse",
  "right" => "Right",
  "tom" => "Tom",
  "wow" => "wow",
  "sorry" => "Sorry",
  "norm" => "Norm",
  "spellman" => "Spellman",
  "went" => "went",
  "avatar" => "avatar",
  "chuckling" => "CHUCKLING",
  "bio-lab" => "bio-lab",
  "spend" => "spend",
  "lot" => "lot",
  "time" => "time",
  "hey" => "Hey",
  "how" => "how",
  "doing" => "doing",
  "driver" => "Driver",
  "female" => "FEMALE",
  "hi" => "Hi",
  "male" => "MALE",
  "link" => "Link",
  "room" => "room",
  "where" => "where",
  "connecting" => "connecting",
  "drive" => "drive",
  "remotely" => "remotely",
  "controlled" => "controlled",
  "bodies" => "bodies",
  "avatars" => "avatars",
  "grown" => "grown",
  "from" => "from",
  "human" => "human",
  "dna" => "DNA",
  "mixed" => "mixed",
  "natives" => "natives",
  "welcome" => "Welcome",
  "fully" => "fully",
  "mature" => "mature",
  "flight" => "flight",
  "proprioceptive" => "proprioceptive",
  "sims" => "sims",
  "seem" => "seem",
  "work" => "work",
  "really" => "really",
  "great" => "great",
  "muscle" => "muscle",
  "tone" => "tone",
  "take" => "Take",
  "us" => "us",
  "few" => "few",
  "hours" => "hours",
  "decanted" => "decanted",
  "tomorrow" => "tomorrow",
  "yours" => "yours",
  "dr" => "Dr",
  "max" => "Max",
  "patel" => "Patel",
  "meet" => "meet",
  "heartbeat" => "heartbeat",
  "thumping" => "THUMPING",
  "now" => "Now",
  "concept" => "concept",
  "matched" => "matched",
  "own" => "own",
  "their" => "their",
  "nervous" => "nervous",
  "systems" => "systems",
  "tune" => "tune",
  "which" => "Which",
  "why" => "why",
  "offered" => "offered",
  "gig" => "gig",
  "because" => "Because",
  "insanely" => "insanely",
  "expensive" => "expensive",
  "say" => "say",
  "whatever" => "whatever",
  "video" => "video",
  "log" => "log",
  "gotta" => "gotta",
  "habit" => "habit",
  "documenting" => "documenting",
  "everything" => "everything",
  "know" => "know",
  "see" => "See",
  "part" => "part",
  "science" => "science",
  "observation" => "observation",
  "plus" => "Plus",
  "help" => "help",
  "sane" => "sane",
  "next" => "next",
  "uh" => "uh",
  "am" => "am",
  "technician" => "TECHNICIAN",
  "coming" => "coming",
  "pa" => "PA",
  "attention" => "Attention",
  "drivers" => "Drivers",
  "sighing" => "SIGHING",
  "god" => "God",
  "tech" => "TECH",
  "lab" => "lab",
  "coat" => "coat",
  "goddamn" => "goddamn",
  "cigarette" => "cigarette",
  "picture" => "picture",
  "thank" => "thank",
  "grace" => "Grace",
  "augustine" => "Augustine",
  "legend" => "legend",
  "she" => "She",
  "program" => "Program",
  "wrote" => "wrote",
  "book" => "book",
  "mean" => "mean",
  "literally" => "literally",
  "pandoran" => "Pandoran",
  "botany" => "botany",
  "cause" => "Cause",
  "likes" => "likes",
  "plants" => "plants",
  "better" => "better",
  "than" => "than",
  "cinderella" => "Cinderella",
  "ball" => "ball",
  "hear" => "Hear",
  "speaking" => "SPEAKING",
  "much" => "much",
  "learn" => "learn",
  "ma'am" => "Ma'am",
  "phd" => "PhD",
  "trained" => "trained",
  "three" => "Three",
  "mission" => "mission",
  "inconvenience" => "inconvenience",
  "everyone" => "Everyone",
  "had" => "had",
  "dissected" => "dissected",
  "frog" => "frog",
  "once" => "Once",
  "pissing" => "pissing",
  "without" => "without",
  "even" => "even",
  "courtesy" => "courtesy",
  "calling" => "calling",
  "rain" => "rain",
  "self" => "Self",
  "ridge" => "ridge",
  "think" => "think",
  "idea" => "idea",
  "bullshit" => "bullshit",
  "kick" => "kick",
  "corporate" => "corporate",
  "butt" => "butt",
  "has" => "has",
  "business" => "business",
  "sticking" => "sticking",
  "nose" => "nose",
  "department" => "department",
  "0800" => "0800",
  "try" => "try",
  "words" => "words",
  "chattering" => "CHATTERING",
  "radio" => "RADIO",
  "scorpion" => "SCORPION",
  "two-hotel" => "Two-Hotel",
  "cleared" => "cleared",
  "south" => "south",
  "departure" => "departure",
  "hover" => "Hover",
  "taxi" => "taxi",
  "delta" => "Delta",
  "runway" => "runway",
  "squawk" => "Squawk",
  "ident" => "ident",
  "mmm" => "Mmm",
  "yes" => "Yes",
  "sir" => "Sir",
  "didn't" => "didn't",
  "love" => "love",
  "putter" => "putter",
  "ronnie" => "Ronnie",
  "parker" => "Parker",
  "used" => "used",
  "benign" => "benign",
  "neglect" => "neglect",
  "intentionally" => "intentionally",
  "screwing" => "screwing",
  "enjoy" => "enjoy",
  "our" => "our",
  "little" => "little",
  "talks" => "talks",
  "oops" => "Oops",
  "researcher" => "researcher",
  "jarhead" => "Jarhead",
  "dropout" => "dropout",
  "actually" => "actually",
  "thought" => "thought",
  "lucky" => "lucky",
  "twin" => "twin",
  "wasn't" => "wasn't",
  "oral" => "oral",
  "hygienist" => "hygienist",
  "assigning" => "assigning",
  "team" => "Team",
  "escort" => "escort",
  "last" => "last",
  "trigger-happy" => "trigger-happy",
  "moron" => "moron",
  "supposed" => "supposed",
  "winning" => "winning",
  "hearts" => "hearts",
  "minds" => "minds",
  "isn't" => "isn't",
  "whole" => "whole",
  "point" => "point",
  "puppet" => "puppet",
  "show" => "show",
  "then" => "Then",
  "trusting" => "trusting",
  "build" => "build",
  "school" => "school",
  "teach" => "teach",
  "english" => "ENGLISH",
  "many" => "many",
  "relations" => "Relations",
  "only" => "Only",
  "worse" => "worse",
  "tends" => "tends",
  "happen" => "happen",
  "machine" => "machine",
  "come" => "Come",
  "can't" => "can't",
  "unobtanium" => "unobtanium",
  "gray" => "gray",
  "sells" => "sells",
  "million" => "million",
  "kilo" => "kilo",
  "reason" => "reason",
  "pays" => "pays",
  "party" => "party",
  "comprendo" => "Comprendo",
  "those" => "those",
  "savages" => "savages",
  "threatening" => "threatening",
  "operation" => "operation",
  "brink" => "brink",
  "war" => "WAR",
  "finding" => "finding",
  "diplomatic" => "diplomatic",
  "solution" => "solution",
  "results" => "results",
  "logged" => "logged",
  "520" => "520",
  "zip" => "Zip",
  "read" => "read",
  "manual" => "Manual",
  "tell" => "tell",
  "joking" => "joking",
  "cool" => "cool",
  "most" => "most",
  "hostile" => "hostile",
  "environment" => "environment",
  "known" => "known",
  "kind" => "kind",
  "maybe" => "maybe",
  "sick" => "sick",
  "doctors" => "doctors",
  "telling" => "telling",
  "couldn't" => "couldn't",
  "biometrics" => "Biometrics",
  "ready" => "ready",
  "arms" => "arms",
  "handsin" => "handsin",
  "relax" => "Relax",
  "blank" => "blank",
  "shouldn't" => "shouldn't",
  "kiss" => "kiss",
  "darkest" => "darkest",
  "lily" => "lily",
  "white" => "white",
  "initiate" => "Initiate",
  "run" => "run",
  "sequence" => "sequence",
  "unit" => "Unit",
  "launching" => "Launching",
  "first" => "First",
  "congruency" => "congruency",
  "gorgeous" => "gorgeous",
  "brain" => "brain",
  "nice" => "nice",
  "activity" => "activity",
  "hmm" => "Hmm",
  "figure" => "figure",
  "phase-lock" => "Phase-lock",
  "40%" => "40%",
  "99%" => "99%",
  "stable" => "stable",
  "respirator" => "RESPIRATOR",
  "hissing" => "HISSING",
  "distantly" => "DISTANTLY",
  "pupillary" => "Pupillary",
  "reflex" => "reflex",
  "pinna" => "Pinna",
  "response" => "response",
  "normal" => "normal",
  "feeling" => "feeling",
  "body" => "body",
  "g0od" => "G0od",
  "easy" => "Easy",
  "touch" => "touch",
  "thumb" => "Thumb",
  "fingers" => "fingers",
  "problem" => "problem",
  "sit" => "sit",
  "fine" => "fine",
  "okay" => "Okay",
  "slow" => "slow",
  "truncal" => "truncal",
  "ataxia" => "ataxia",
  "lightheaded" => "lightheaded",
  "dizzy" => "dizzy",
  "wiggling" => "wiggling",
  "toes" => "toes",
  "gasping" => "GASPING",
  "amazement" => "AMAZEMENT",
  "distal" => "Distal",
  "motor" => "Motor",
  "control" => "control",
  "numbness" => "numbness",
  "pain" => "PAIN",
  "hold" => "Hold",
  "whoa" => "whoa",
  "sensory" => "sensory",
  "tests" => "tests",
  "ooh" => "Ooh",
  "listen" => "Listen",
  "buddy" => "Buddy",
  "gurney" => "gurney",
  "adjust" => "adjust",
  "watch" => "Watch",
  "tail" => "tail",
  "laughing" => "LAUGHING",
  "sedate" => "Sedate",
  "thousand" => "thousand",
  "milligrams" => "milligrams",
  "supitocam" => "Supitocam",
  "stat" => "Stat",
  "intercom" => "INTERCOM",
  "by" => "by",
  "numbers" => "numbers",
  "dangerous" => "dangerous",
  "leads" => "leads",
  "bring" => "bring",
  "home" => "home",
  "leave" => "Leave",
  "skills" => "skills",
  "close" => "close",
  "play" => "play",
  "defense" => "defense",
  "jake!jake" => "Jake!Jake",
  "running" => "running",
  "jeez" => "Jeez",
  "expect" => "expect",
  "numbnuts" => "numbnuts",
  "fast" => "fast",
  "appreciatively" => "APPRECIATIVELY",
  "everybody" => "Everybody",
  "quiet" => "quiet",
  "gang" => "gang",
  "lights" => "Lights",
  "louise" => "Louise",
  "chop-chop" => "chop-chop",
  "blind" => "blind",
  "freaky" => "freaky",
  "scat" => "Scat",
  "night" => "night",
  "dinner" => "dinner",
  "kiddies" => "kiddies",
  "creatures" => "CREATURES",
  "screeching" => "SCREECHING",
  "gasps" => "GASPS",
  "trudy" => "Trudy",
  "fly" => "fly",
  "sorties" => "sorties",
  "baby" => "baby",
  "wainﬂeet" => "Wainﬂeet",
  "done" => "done",
  "bounce" => "bounce",
  "zero-nine" => "zero-nine",
  "capitaine" => "capitaine",
  "vine" => "Vine",
  "strike" => "strike",
  "still" => "Still",
  "loose" => "loose",
  "packing" => "packing",
  "heavy" => "heavy",
  "gear" => "gear",
  "around" => "around",
  "biggest" => "biggest",
  "gun" => "gun",
  "short" => "short",
  "ask" => "ask",
  "line" => "line",
  "colonel" => "Colonel",
  "low" => "low",
  "gravity" => "gravity",
  "soft" => "soft",
  "shit" => "shit",
  "zero" => "zero",
  "warning" => "warning",
  "pulled" => "pulled",
  "record" => "record",
  "corporal" => "Corporal",
  "venezuela" => "Venezuela",
  "bush" => "bush",
  "kid" => "kid",
  "showing" => "showing",
  "neighborhood" => "neighborhood",
  "hellhole" => "hellhole",
  "recon" => "recon",
  "tours" => "tours",
  "nigeria" => "Nigeria",
  "scratch" => "scratch",
  "felt" => "felt",
  "shavetail" => "shavetail",
  "louie" => "louie",
  "rotated" => "rotated",
  "pretty" => "Pretty",
  "again" => "again",
  "reminds" => "reminds",
  "waiting" => "waiting",
  "hup" => "Hup",
  "joke" => "joke",
  "bunch" => "Bunch",
  "limp-dick" => "limp-dick",
  "majors" => "majors",
  "however" => "However",
  "present" => "present",
  "opportunity" => "opportunity",
  "both" => "BOTH",
  "timely" => "timely",
  "unique" => "unique",
  "powering" => "POWERING",
  "gyrene" => "gyrene",
  "potent" => "potent",
  "mix" => "mix",
  "give" => "Give",
  "goose" => "goose",
  "bumps" => "bumps",
  "provide" => "provide",
  "intel" => "intel",
  "ground" => "ground",
  "hostiles" => "hostiles",
  "camp" => "camp",
  "gain" => "gain",
  "trust" => "trust",
  "force" => "force",
  "cooperation" => "cooperation",
  "hammer" => "hammer",
  "won't" => "won't",
  "walk" => "walk",
  "her" => "her",
  "pukes" => "pukes",
  "quack" => "quack",
  "son" => "son",
  "care" => "care",
  "legs" => "legs",
  "rotate" => "rotate",
  "real" => "real",
  "sounds" => "sounds",
  "mouth" => "mouth",
  "shut" => "Shut",
  "talking" => "talking",
  "congruencies" => "congruencies",
  "90%" => "90%",
  "squawking" => "SQUAWKING",
  "sturmbeest" => "Sturmbeest",
  "herd" => "herd",
  "bull" => "bull",
  "dozen" => "dozen",
  "cows" => "cows",
  "juveniles" => "juveniles",
  "growling" => "GROWLING",
  "roaring" => "ROARING",
  "whooping" => "WHOOPING",
  "chuckung" => "CHUCKUNG",
  "stay" => "stay",
  "while" => "while",
  "pack" => "Pack",
  "ship" => "ship",
  "idiot" => "idiot",
  "enough" => "enough",
  "doc" => "Doc",
  "distant" => "DISTANT",
  "yowling" => "YOWLING",
  "creature" => "creature",
  "cooing" => "COOING",
  "squeaking" => "SQUEAKING",
  "prolemuris" => "Prolemuris",
  "aggressive" => "aggressive",
  "sure" => "sure",
  "watching" => "watching",
  "juststorage" => "juststorage",
  "kids" => "kids",
  "bright" => "bright",
  "eager" => "Eager",
  "picked" => "picked",
  "faster" => "faster",
  "couple" => "couple",
  "ph" => "Ph",
  "monitors" => "monitors",
  "soil" => "soil",
  "probe" => "probe",
  "yellow" => "yellow",
  "old" => "old",
  "microscope" => "microscope",
  "stingbats" => "stingbats",
  "knocked" => "knocked",
  "hoping" => "hoping",
  "someone" => "someone",
  "omaticayalearned" => "Omaticayalearned",
  "needed" => "needed",
  "happened" => "happened",
  "scanning" => "Scanning",
  "amazing" => "amazing",
  "signal" => "signal",
  "transduction" => "transduction",
  "root" => "root",
  "tree" => "tree",
  "should" => "should",
  "sample" => "sample",
  "probably" => "probably",
  "electrical" => "electrical",
  "based" => "based",
  "speed" => "speed",
  "reaction" => "reaction",
  "contaminated" => "contaminated",
  "saliva" => "saliva",
  "continues" => "CONTINUES",
  "trumpeting" => "TRUMPETING",
  "shoot" => "shoot",
  "piss" => "piss",
  "already" => "already",
  "pissed" => "pissed",
  "armor" => "armor",
  "too" => "too",
  "thick" => "thick",
  "territorial" => "territorial",
  "threat" => "threat",
  "display" => "display",
  "charge" => "charge",
  "dance" => "dance",
  "screaming" => "SCREAMING",
  "nervously" => "NERVOUSLY",
  "punk" => "punk",
  "ass" => "ass",
  "mommy" => "mommy",
  "friends" => "friends",
  "huh" => "Huh",
  "snarling" => "SNARLING",
  "softly" => "SOFTLY",
  "definitely" => "Definitely",
  "allowed" => "allowed",
  "ops" => "ops",
  "orders" => "orders",
  "hang" => "Hang",
  "till" => "till",
  "morning" => "morning",
  "chittering" => "CHITTERING",
  "snarls" => "SNARLS",
  "yelp5" => "YELP5",
  "yelping" => "YELPING",
  "yelling" => "YELLING",
  "scoffs" => "SCOFFS",
  "whimpering" => "WHIMPERING",
  "stops" => "STOPS",
  "understand" => "understand",
  "impressive" => "impressive",
  "screwed" => "screwed",
  "hadn't" => "hadn't",
  "along" => "along",
  "killing" => "Killing",
  "exclaims" => "EXCLAIMS",
  "sad" => "sad",
  "did" => "Did",
  "neytiri" => "NEYTIRI",
  "fault" => "fault",
  "die" => "die",
  "attacked" => "attacked",
  "gently" => "GENTLY",
  "shh" => "Shh",
  "noise" => "noise",
  "forest" => "Forest",
  "thinking" => "thinking",
  "ww" => "WW",
  "save" => "save",
  "fear" => "Fear",
  "stupid" => "stupid",
  "ignorant" => "Ignorant",
  "child" => "child",
  "sky" => "Sky",
  "cannot" => "cannot",
  "exclaiming" => "EXCLAIMING",
  "sharply" => "SHARPLY",
  "repeats" => "REPEATS",
  "seeds" => "Seeds",
  "sacred" => "sacred",
  "pure" => "pure",
  "spirits" => "spirits",
  "uh-huh" => "Uh-huh",
  "whispering" => "WHISPERING",
  "name" => "name",
  "groaning" => "GROANING",
  "ululating" => "ULULATING",
  "yells" => "YELLS",
  "shouting" => "SHOUTING",
  "calm" => "Calm",
  "tsu'tsy" => "Tsu'tsy",
  "demons" => "demons",
  "forbidden" => "forbidden",
  "matter" => "matter",
  "tsahik" => "Tsahik",
  "ordering" => "ORDERING",
  "happening" => "happening",
  "villagers" => "VILLAGERS",
  "hunters" => "HUNTERS",
  "father" => "Father",
  "gou" => "gou",
  "alien" => "Alien",
  "smell" => "smell",
  "fills" => "fills",
  "saying" => "saying",
  "xcills" => "xcills",
  "mg" => "mg",
  "deciding" => "deciding",
  "whether" => "whether",
  "mo'at" => "MO'AT",
  "mother" => "Mother",
  "interprets" => "interprets",
  "eyvva" => "Eyvva",
  "eywa" => "Eywa",
  "came" => "came",
  "tried" => "tried",
  "other" => "other",
  "fill" => "fill",
  "full" => "full",
  "empty" => "empty",
  "warrior" => "warrior",
  "clan" => "clan",
  "easily" => "easily",
  "annoyance" => "ANNOYANCE",
  "decided" => "decided",
  "daughter" => "Daughter",
  "ways" => "ways",
  "jakesully" => "Jakesully",
  "insanity" => "insanity",
  "cured" => "cured",
  "drums" => "DRUMS",
  "beating" => "BEATING",
  "singing" => "SINGING",
  "stammering" => "STAMMERING",
  "evening" => "evening",
  "resume" => "RESUME",
  "te" => "te",
  "ckaha" => "Ckaha",
  "mo'at'ite" => "Mo'at'ite",
  "slower" => "slower",
  "neytili" => "Neytili",
  "enunciating" => "ENUNCIATING",
  "echoing" => "ECHOING",
  "jake.jake" => "Jake.Jake",
  "alpha" => "alpha",
  "confusion" => "CONFUSION",
  "dug" => "dug",
  "tick" => "tick",
  "ls" => "ls",
  "safe" => "safe",
  "believe" => "believe",
  "disappearing" => "disappearing",
  "brush" => "brush",
  "angry" => "angry",
  "thanator" => "thanator",
  "awesome" => "awesome",
  "reasons" => "reasons",
  "fathom" => "fathom",
  "omaticaya" => "Omaticaya",
  "chosen" => "chosen",
  "men" => "MEN",
  "clan\\"" => "clan\\"",
  "mmm-hmm" => "Mmm-hmm",
  "worked" => "worked",
  "practically" => "practically",
  "family" => "family",
  "study" => "study",
  "initiative" => "initiative",
  "10" => "10",
  "blue" => "blue",
  "monkeys" => "monkeys",
  "medicine" => "medicine",
  "education" => "education",
  "roads" => "roads",
  "wouldn't" => "wouldn't",
  "bother" => "bother",
  "somebody" => "somebody",
  "sector" => "Sector",
  "rich" => "Rich",
  "village" => "village",
  "happens" => "happens",
  "resting" => "resting",
  "richest" => "richest",
  "deposit" => "deposit",
  "within" => "within",
  "200" => "200",
  "klicks" => "klicks",
  "direction" => "direction",
  "cheddar" => "cheddar",
  "gets" => "gets",
  "move" => "Move",
  "guess" => "guess",
  "betting" => "betting",
  "shareholders" => "shareholders",
  "hate" => "hate",
  "press" => "Press",
  "quarterly" => "quarterly",
  "statement" => "statement",
  "carrot" => "carrot",
  "otherwise" => "otherwise",
  "stick" => "stick",
  "dozers" => "dozers",
  "wasting" => "wasting",
  "m0'at" => "M0'at",
  "dragon" => "Dragon",
  "lady" => "lady",
  "eytucan" => "Eytucan",
  "eytukan" => "EYTUKAN",
  "leader" => "Leader",
  "spiritual" => "spiritual",
  "shaman" => "shaman",
  "t'su'tey" => "T'su'tey",
  "tsu'tey" => "Tsu'tey",
  "become" => "become",
  "mated" => "mated",
  "pair" => "pair",
  "shocked" => "SHOCKED",
  "deity" => "deity",
  "goddess" => "goddess",
  "made" => "made",
  "whatsoever" => "whatsoever",
  "date" => "date",
  "chief" => "chief",
  "knock" => "Knock",
  "kindergarten" => "kindergarten",
  "best" => "best",
  "student" => "student",
  "sister" => "sister",
  "sylwanin" => "Sylwanin",
  "girls" => "girls",
  "starts" => "starts",
  "early" => "early",
  "anything" => "anything",
  "unusually" => "unusually",
  "boy" => "boy",
  "pale" => "Pale",
  "soothingly" => "SOOTHINGLY",
  "girl" => "GIRL",
  "whinnying" => "WHINNYING",
  "exhaling" => "EXHALING",
  "shahaylu" => "Shahaylu",
  "bond" => "bond",
  "breath" => "breath",
  "forward" => "forward",
  "away" => "away",
  "miss" => "miss",
  "knew" => "knew",
  "scoffing" => "SCOFFING",
  "speaks" => "SPEAKS",
  "sess" => "sess",
  "mors" => "mors",
  "hit" => "hit",
  "complicated" => "complicated",
  "scan" => "scan",
  "internal" => "internal",
  "structure" => "structure",
  "row" => "row",
  "columns" => "columns",
  "duty" => "duty",
  "secondary" => "secondary",
  "ring" => "ring",
  "inner" => "inner",
  "core" => "core",
  "spiral" => "spiral",
  "accurate" => "accurate",
  "scans" => "scans",
  "column" => "column",
  "roger" => "Roger",
  "else" => "else",
  "guessing" => "guessing",
  "also" => "also",
  "load-bearing" => "load-bearing",
  "dodge" => "Dodge",
  "micro-manage" => "micro-manage",
  "mobile" => "mobile",
  "site" => "site",
  "26" => "26",
  "mountains" => "mountains",
  "hallelujah" => "Hallelujah",
  "serious" => "serious",
  "legendary" => "legendary",
  "floating" => "floating",
  "heard" => "heard",
  "instruments" => "instruments",
  "yep" => "Yep",
  "flux" => "Flux",
  "vortex" => "Vortex",
  "vfr" => "VFR",
  "means" => "means",
  "exactly" => "exactly",
  "faces" => "faces",
  "air" => "AIR",
  "explained" => "explained",
  "maglev" => "maglev",
  "effect" => "effect",
  "superconductor" => "superconductor",
  "airlock" => "AIRLOCK",
  "bunk" => "bunk",
  "stuff" => "stuff",
  "nasty" => "nasty",
  "under" => "under",
  "top" => "top",
  "playing" => "playing",
  "left" => "left",
  "end" => "end",
  "beulah" => "Beulah",
  "least" => "least",
  "glitchy" => "glitchy",
  "imitating" => "IMITATING",
  "bird" => "BIRD",
  "birds" => "BIRDS",
  "cawing" => "CAWING",
  "holy" => "Holy",
  "eye" => "eye",
  "lkran" => "lkran",
  "horse" => "horse",
  "ikran" => "ikran",
  "hunter" => "hunter",
  "taronyu" => "taronyu",
  "must" => "must",
  "choose" => "choose",
  "2132" => "2132",
  "rack" => "rack",
  "location" => "location",
  "shack" => "shack",
  "starting" => "starting",
  "blur" => "blur",
  "slowly" => "SLOWLY",
  "repeating" => "REPEATING",
  "tentatively" => "TENTATIVELY",
  "language" => "language",
  "field-stripping" => "field-stripping",
  "weapon" => "weapon",
  "repetition" => "repetition",
  "nari" => "Nari",
  "impatiently" => "IMPATIENTLY",
  "narrri\\"" => "Narrri\\"",
  "narrri" => "Narrri",
  "txur" => "Txur",
  "ni'ul" => "ni'ul",
  "stronger" => "Stronger",
  "inhales" => "INHALES",
  "calls" => "calls",
  "skxawng" => "skxawng",
  "s" => "s",
  "improved" => "improved",
  "lately" => "lately",
  "seeing" => "seeing",
  "front" => "front",
  "board" => "board",
  "thinks" => "thinks",
  "accepting" => "accepting",
  "feet" => "feet",
  "tougher" => "tougher",
  "farther" => "farther",
  "crap" => "Crap",
  "reading" => "reading",
  "trails" => "trails",
  "tracks" => "tracks",
  "waterhole" => "waterhole",
  "tiniest" => "tiniest",
  "scents" => "scents",
  "cuss" => "CUSS",
  "flow" => "flow",
  "energy" => "energy",
  "animals" => "animals",
  "tree-hugger" => "tree-hugger",
  "final" => "final",
  "eye-hand" => "eye-hand",
  "coordination" => "coordination",
  "says" => "says",
  "kidding" => "kidding",
  "branches" => "BRANCHES",
  "cracking" => "CRACKING",
  "talked" => "talked",
  "letting" => "letting",
  "closed" => "closed",
  "children" => "children",
  "trying" => "trying",
  "deep" => "deep",
  "connection" => "connection",
  "network" => "network",
  "flows" => "flows",
  "borrowed" => "borrowed",
  "chirping" => "CHIRPING",
  "16" => "16",
  "losing" => "losing",
  "weight" => "weight",
  "sleep" => "sleep",
  "bon" => "Bon",
  "appétit" => "appétit",
  "ate" => "ate",
  "meal" => "meal",
  "burning" => "burning",
  "rid" => "rid",
  "lecture" => "lecture",
  "boss" => "boss",
  "consider" => "consider",
  "being" => "being",
  "friend" => "friend",
  "someday" => "someday",
  "learned" => "learned",
  "beeps" => "BEEPS",
  "stopped" => "stopped",
  "clear-cutting" => "clear-cutting",
  "young" => "young",
  "painted" => "painted",
  "set" => "set",
  "bulldozer" => "BULLDOZER",
  "fire" => "Fire",
  "protect" => "Protect",
  "troopers" => "troopers",
  "pursued" => "pursued",
  "killed" => "killed",
  "doorway" => "doorway",
  "others" => "others",
  "stays" => "stays",
  "objective" => "objective",
  "ruled" => "ruled",
  "emotion" => "emotion",
  "sa'nok" => "sa'nok",
  "reaches" => "reaches",
  "growls" => "GROWLS",
  "moaning" => "MOANING",
  "l5rotl1cr" => "l5rotl1cr",
  "5011" => "5011",
  "stabs" => "STABS",
  "spirit" => "spirit",
  "goes" => "goes",
  "egwa" => "Egwa",
  "130015" => "130015",
  "behind" => "behind",
  "---to" => "---to",
  "0" => "0",
  "peep" => "Peep",
  "clean" => "clean",
  "learning" => "Learning",
  "ride" => "ride",
  "banshees" => "banshees",
  "o0-rah" => "O0-rah",
  "commands" => "COMMANDS",
  "exhales" => "EXHALES",
  "chooses" => "chooses",
  "quick" => "quick",
  "showed" => "showed",
  "chance" => "chance",
  "outstanding" => "Outstanding",
  "afraid" => "afraid",
  "seals" => "seals",
  "bank" => "Bank",
  "level" => "level",
  "jakesullyl" => "Jakesullyl",
  "hooting" => "HOOTING",
  "born" => "born",
  "turn" => "Turn",
  "wind" => "wind",
  "look,yeah,see" => "Look,yeah,see",
  "banked" => "banked",
  "souls" => "Souls",
  "translating" => "TRANSLATING",
  "place" => "place",
  "false" => "false",
  "color" => "color",
  "images" => "images",
  "messes" => "messes",
  "interesting" => "interesting",
  "biologically" => "biologically",
  "samples" => "samples",
  "outsiders" => "Outsiders",
  "strictly" => "strictly",
  "swine" => "swine",
  "stone-cold" => "stone-cold",
  "aerial" => "aerial",
  "death" => "Death",
  "above" => "above",
  "exchanging" => "EXCHANGING",
  "yelps" => "YELPS",
  "dive" => "Dive",
  "cries" => "CRIES",
  "follow" => "follow",
  "whew" => "Whew",
  "shushing" => "SHUSHING",
  "leonopteryx" => "Leonopteryx",
  "toruk" => "Toruk",
  "shadow" => "shadow",
  "grandfather" => "grandfather",
  "macto" => "Macto",
  "rider" => "Rider",
  "rode" => "rode",
  "chose" => "chose",
  "times" => "times",
  "songs" => "Songs",
  "long" => "Long",
  "mighty" => "Mighty",
  "brought" => "brought",
  "clans" => "clans",
  "sorrow" => "sorrow",
  "story" => "story",
  "inhaling" => "INHALING",
  "deeply" => "DEEPLY",
  "backwards" => "backwards",
  "true" => "true",
  "barely" => "barely",
  "sniffles" => "SNIFFLES",
  "haven't" => "Haven't",
  "gotten" => "gotten",
  "woods" => "woods",
  "weeks" => "weeks",
  "ago" => "ago",
  "doubt" => "doubt",
  "resolve" => "resolve",
  "terminate" => "terminate",
  "usable" => "usable",
  "balls" => "balls",
  "turns" => "turns",
  "fight" => "fight",
  "approval" => "approval",
  "shuttle" => "shuttle",
  "tonight" => "tonight",
  "word" => "word",
  "finish" => "finish",
  "ceremony" => "Ceremony",
  "stage" => "stage",
  "becoming" => "becoming",
  "negotiate" => "negotiate",
  "terms" => "terms",
  "relocation" => "relocation",
  "na" => "Na",
  "vi" => "vi",
  "person" => "person",
  "twice" => "twice",
  "earn" => "earn",
  "among" => "among",
  "forever" => "forever",
  "omaticaga" => "Omaticaga",
  "sniffling" => "SNIFFLING",
  "prayers" => "prayers",
  "sometimes" => "Sometimes",
  "answered" => "answered",
  "trees" => "trees",
  "utraya" => "Utraya",
  "mokri" => "Mokri",
  "voices" => "VOICES",
  "ancestors" => "ancestors",
  "live" => "live",
  "bow" => "bow",
  "wood" => "WOOD",
  "hometree" => "Hometree",
  "women" => "women",
  "ninat" => "Ninat",
  "singer" => "singer",
  "blowing" => "BLOWING",
  "beyral" => "Beyral",
  "jack" => "JACK",
  "machinery" => "MACHINERY",
  "rumbling" => "RUMBLING",
  "branch" => "BRANCH",
  "approaching" => "APPROACHING",
  "engines" => "ENGINES",
  "ma" => "Ma",
  "forget" => "forget",
  "phase" => "phase",
  "integration" => "integration",
  "button" => "button",
  "force-feed" => "force-feed",
  "cripple" => "cripple",
  "alarm" => "ALARM",
  "shower" => "shower",
  "native" => "native",
  "funky" => "funky",
  "chicken" => "chicken",
  "blocking" => "blocking",
  "blade" => "blade",
  "selfridge" => "SELFRIDGE",
  "moved" => "moved",
  "dude,dude" => "Dude,dude",
  "vvhoa,dude" => "VVhoa,dude",
  "dude,no" => "Dude,no",
  "gunfire" => "GUNFIRE",
  "sobbing" => "SOBBING",
  "freeze" => "Freeze",
  "scale" => "Scale",
  "enhance" => "Enhance",
  "unbelievable" => "Unbelievable",
  "pilot" => "PILOT",
  "lead" => "lead",
  "shouts" => "SHOUTS",
  "sternly" => "STERNLY",
  "before" => "before",
  "tremulously" => "TREMULOUSLY",
  "attack" => "attack",
  "enemy" => "enemy",
  "powerful" => "powerful",
  "sag" => "sag",
  "stones" => "stones",
  "interrupt" => "interrupt",
  "progress" => "progress",
  "crowd" => "CROWD",
  "murmuring" => "MURMURING",
  "demon" => "demon",
  "crossed" => "crossed",
  "wheel" => "Wheel",
  "local" => "local",
  "completely" => "completely",
  "salvage" => "salvage",
  "situation" => "situation",
  "pie" => "pie",
  "ranger" => "Ranger",
  "rick" => "Rick",
  "muzzle" => "muzzle",
  "dog" => "dog",
  "notches" => "notches",
  "listening" => "listening",
  "imagine" => "imagine",
  "throw" => "throw",
  "land" => "land",
  "fern" => "fern",
  "mockingly" => "MOCKINGLY",
  "christ" => "Christ",
  "sake" => "sake",
  "pagan" => "pagan",
  "voodoo" => "voodoo",
  "measurable" => "measurable",
  "biology" => "biology",
  "electrochemical" => "electrochemical",
  "communication" => "communication",
  "between" => "between",
  "roots" => "roots",
  "synapses" => "synapses",
  "neurons" => "neurons",
  "each" => "each",
  "ten-to-the-fourth" => "ten-to-the-fourth",
  "connections" => "connections",
  "ten-to-the-twelfth" => "ten-to-the-twelfth",
  "global" => "global",
  "access" => "access",
  "upload" => "upload",
  "download" => "download",
  "data" => "data",
  "memories" => "memories",
  "sites" => "sites",
  "destroyed" => "destroyed",
  "awe" => "AWE",
  "smoking" => "smoking",
  "wealth" => "wealth",
  "defend" => "defend",
  "share" => "share",
  "lite" => "Lite",
  "beer" => "beer",
  "jeans" => "jeans",
  "waste" => "waste",
  "simple" => "simple",
  "emotional" => "emotional",
  "wet" => "wet",
  "lyle" => "Lyle",
  "angle" => "angle",
  "steep" => "steep",
  "toast" => "toast",
  "rest" => "rest",
  "squad" => "squad",
  "equipment" => "equipment",
  "totaled" => "totaled",
  "minimal" => "minimal",
  "casualties" => "casualties",
  "gas" => "gas",
  "humane" => "humane",
  "less" => "less",
  "pull" => "Pull",
  "trigger" => "trigger",
  "packed" => "packed",
  "bulldozed" => "bulldozed",
  "purpose" => "purpose",
  "fabricating" => "fabricating",
  "sitting" => "sitting",
  "justified" => "justified",
  "rolling" => "rolling",
  "gunships" => "gunships",
  "said" => "said",
  "fly-bitten" => "fly-bitten",
  "families" => "families",
  "babies" => "Babies",
  "blood" => "blood",
  "hands" => "hands",
  "calibrate" => "Calibrate",
  "calibrating" => "Calibrating",
  "initiating" => "Initiating",
  "thirty" => "Thirty",
  "hour" => "hour",
  "unless" => "Unless",
  "girlfriend" => "girlfriend",
  "ax" => "ax",
  "evacuate" => "evacuate",
  "evil" => "evil",
  "upon" => "upon",
  "destroy" => "destroy",
  "soon" => "soon",
  "certain" => "certain",
  "message" => "message",
  "changed" => "changed",
  "fell" => "fell",
  "trusted" => "trusted",
  "bind" => "Bind",
  "cry" => "CRY",
  "target" => "target",
  "mike" => "mike",
  "visual" => "visual",
  "heading" => "heading",
  "030" => "030",
  "yipping" => "YIPPING",
  "diplomacy" => "diplomacy",
  "failed" => "failed",
  "round" => "round",
  "cs.40" => "CS.40",
  "firing" => "Firing",
  "coughing" => "COUGHING",
  "bingo" => "Bingo",
  "shooting" => "shooting",
  "ace" => "ace",
  "opened" => "opened",
  "clattering" => "CLATTERING",
  "bastards" => "bastards",
  "heat" => "heat",
  "switch" => "Switch",
  "incendiaries" => "incendiaries",
  "switching" => "Switching",
  "scatter" => "scatter",
  "roaches" => "roaches",
  "jake;" => "JAKE;",
  "blow" => "blow",
  "commanding" => "COMMANDING",
  "protesting" => "PROTESTING",
  "signs" => "signs",
  "missiles" => "missiles",
  "west" => "west",
  "officer" => "officer",
  "section" => "section",
  "rocks" => "rocks",
  "3" => "3",
  "charlie" => "Charlie",
  "oscar" => "Oscar",
  "gunrunner" => "Gunrunner",
  "standing" => "standing",
  "solid" => "Solid",
  "hits" => "hits",
  "screw" => "Screw",
  "sign" => "sign",
  "repeat" => "Repeat",
  "ripple" => "Ripple",
  "creaking" => "CREAKING",
  "panic" => "PANIC",
  "horror" => "HORROR",
  "boogie" => "boogie",
  "thunder" => "Thunder",
  "copies" => "copies",
  "wailing" => "WAILING",
  "weakly" => "WEAKLY",
  "grief" => "GRIEF",
  "shrieking" => "SHRIEKING",
  "plug" => "plug",
  "dreamed" => "dreamed",
  "peace" => "peace",
  "arguing" => "ARGUING",
  "murderer" => "murderer",
  "personally" => "Personally",
  "tree-hugging" => "tree-hugging",
  "traitors" => "traitors",
  "deserve" => "deserve",
  "steak" => "steak",
  "engine" => "engine",
  "samson" => "Samson",
  "unauthorized" => "Unauthorized",
  "grab" => "Grab",
  "hand" => "hand",
  "ruin" => "ruin",
  "trauma" => "Trauma",
  "kit" => "kit",
  "pressure" => "pressure",
  "bulkhead" => "bulkhead",
  "stifles" => "STIFLES",
  "groan" => "GROAN",
  "pulling" => "pulling",
  "pitch" => "pitch",
  "north" => "north",
  "track" => "track",
  "far" => "far",
  "strongest" => "strongest",
  "ouch" => "Ouch",
  "fairy" => "fairy",
  "tales" => "tales",
  "plan" => "plan",
  "olo'eyktan" => "Olo'eyktan",
  "near" => "near",
  "outcast" => "Outcast",
  "betrayer" => "Betrayer",
  "face" => "face",
  "boils" => "boils",
  "insane" => "insane",
  "yah" => "Yah",
  "baddest" => "baddest",
  "cat" => "cat",
  "attacks" => "attacks",
  "theory" => "theory",
  "roar/ng" => "ROAR/NG",
  "growing" => "GROWING",
  "atsyo" => "Atsyo",
  "stand" => "Stand",
  "serve" => "serve",
  "dying" => "dying",
  "beg" => "beg",
  "possible" => "possible",
  "return" => "return",
  "ah" => "AH",
  "replying" => "REPLYING",
  "breathe" => "breathe",
  "lei" => "Lei",
  "us--" => "us--",
  "wounds" => "wounds",
  "permission" => "permission",
  "honor" => "honor",
  "send" => "send",
  "carry" => "carry",
  "agreement" => "AGREEMENT",
  "brothers" => "brothers",
  "sisters" => "Sisters",
  "cheering" => "CHEERING",
  "roars" => "ROARS",
  "excitedly" => "EXCITEDLY",
  "winds" => "winds",
  "plain" => "plain",
  "stars" => "stars",
  "eastern" => "Eastern",
  "sea" => "Sea",
  "survival" => "survival",
  "aboriginal" => "aboriginal",
  "horde" => "horde",
  "massing" => "massing",
  "orbital" => "orbital",
  "gone" => "gone",
  "hundred" => "Hundred",
  "2,000" => "2,000",
  "pouring" => "pouring",
  "week" => "week",
  "20,000" => "20,000",
  "overrun" => "overrun",
  "perimeter" => "perimeter",
  "lies" => "lies",
  "pre-emptive" => "pre-emptive",
  "terror" => "terror",
  "mountain" => "mountain",
  "stronghold" => "stronghold",
  "theirs" => "theirs",
  "protected" => "protected",
  "scornfully" => "SCORNFULLY",
  "soldiers" => "SOLDIERS",
  "snickering" => "SNICKERING",
  "blast" => "blast",
  "crater" => "crater",
  "racial" => "racial",
  "memory" => "memory",
  "1,000" => "1,000",
  "mama" => "mama",
  "crazy" => "crazy",
  "mobilization" => "mobilization",
  "rigging" => "rigging",
  "bomber" => "bomber",
  "shock-and-awe" => "shock-and-awe",
  "campaign" => "campaign",
  "fricking" => "Fricking",
  "daisy" => "daisy",
  "cutters" => "cutters",
  "taken" => "taken",
  "stopping" => "stopping",
  "0600" => "0600",
  "sort" => "sort",
  "tactical" => "tactical",
  "involve" => "involve",
  "martyrdom" => "martyrdom",
  "against" => "against",
  "bows" => "bows",
  "15" => "15",
  "warriors" => "WARRIORS",
  "missile" => "Missile",
  "tracking" => "tracking",
  "home-field" => "home-field",
  "advantage" => "advantage",
  "commit" => "commit",
  "direct" => "direct",
  "heads-up" => "heads-up",
  "green" => "green",
  "same" => "same",
  "ends" => "ends",
  "butlneed" => "Butlneed",
  "sides" => "sides",
  "protects" => "protects",
  "balance" => "balance",
  "group" => "Group",
  "entering" => "entering",
  "mode" => "mode",
  "papa" => "papa",
  "high" => "high",
  "tight" => "tight",
  "suit" => "Suit",
  "sergeant" => "Sergeant",
  "commander" => "COMMANDER",
  "bravo" => "Bravo",
  "1-1" => "1-1",
  "flank" => "flank",
  "formation" => "formation",
  "2-" => "2-",
  "spacing" => "spacing",
  "overhead" => "overhead",
  "thermal" => "thermal",
  "pushing" => "pushing",
  "escorts" => "escorts",
  "paint" => "paint",
  "crews" => "crews",
  "swivel" => "swivel",
  "mistake" => "mistake",
  "range" => "Range",
  "payload" => "payload",
  "prepare" => "Prepare",
  "offload" => "offload",
  "roll" => "Roll",
  "movement" => "movement",
  "position" => "position",
  "500" => "500",
  "meters" => "meters",
  "targets" => "Targets",
  "closing" => "closing",
  "400" => "400",
  "punch" => "punch",
  "responds" => "RESPONDS",
  "aircraft" => "aircraft",
  "weapons" => "Weapons",
  "break" => "Break",
  "light" => "Light",
  "engage" => "engage",
  "scorpions" => "Scorpions",
  "pursue" => "pursue",
  "falling" => "falling",
  "sights" => "sights",
  "purging" => "Purging",
  "feeding" => "Feeding",
  "leak" => "leak",
  "arming" => "Arming",
  "pods" => "pods",
  "shrieks" => "SHRIEKS",
  "seyzey" => "Seyzey",
  "screams" => "SCREAMS",
  "rogue" => "Rogue",
  "bomb" => "bomb",
  "arm" => "Arm",
  "armed" => "armed",
  "fall" => "Fall",
  "order" => "order",
  "seating" => "seating",
  "screens" => "screens",
  "flanks" => "flanks",
  "pressing" => "Pressing",
  "drop" => "Drop",
  "30" => "30",
  "brace" => "Brace",
  "breach" => "Breach",
  "howling" => "HOWLING",
  "hoped" => "hoped",
  "betray" => "betray",
  "race" => "race",
  "shallowly" => "SHALLOWLY",
  "faintly" => "FAINTLY",
  "pressurizing" => "PRESSURIZING",
  "material" => "material",
  "remembered" => "remembered",
  "foughtwith" => "foughtwith",
  "hewas" => "hewas",
  "aliens" => "aliens",
  "ending" => "ending",
  "longer" => "longer",
  "either" => "either",
  "late" => "late",
  "birthday" => "birthday",
  "signing" => "signing",
}
`;
